tponnus@PC05CY9K MINGW32 ~ (master)
$ cd ..

tponnus@PC05CY9K MINGW32 /c/Users
$ pwd
/c/Users

tponnus@PC05CY9K MINGW32 /c/Users
$ cd C:/Users/tponnus/Desktop/LEARNING

tponnus@PC05CY9K MINGW32 ~/Desktop/LEARNING (master)
$ pwd
/c/Users/tponnus/Desktop/LEARNING

tponnus@PC05CY9K MINGW32 ~/Desktop/LEARNING (master)
$ git clone git@github.com:tponnus/June2017.git
Cloning into 'June2017'...
Permission denied (publickey).
fatal: Could not read from remote repository.

Please make sure you have the correct access rights
and the repository exists.

tponnus@PC05CY9K MINGW32 ~/Desktop/LEARNING (master)
$ git clone ssh://git@github.com:tponnus/June2017.git
Cloning into 'June2017'...
ssh: Could not resolve hostname github.com:tponnus: Name or service not known
fatal: Could not read from remote repository.

Please make sure you have the correct access rights
and the repository exists.

tponnus@PC05CY9K MINGW32 ~/Desktop/LEARNING (master)
$ git clone $ git clone ssh://git@github.com:tponnus/June2017.git ssh://git@github.com:tponnus/June2017.git
fatal: Too many arguments.

usage: git clone [<options>] [--] <repo> [<dir>]

    -v, --verbose         be more verbose
    -q, --quiet           be more quiet
    --progress            force progress reporting
    -n, --no-checkout     don't create a checkout
    --bare                create a bare repository
    --mirror              create a mirror repository (implies bare)
    -l, --local           to clone from a local repository
    --no-hardlinks        don't use local hardlinks, always copy
    -s, --shared          setup as shared repository
    --recurse-submodules[=<pathspec>]
                          initialize submodules in the clone
    -j, --jobs <n>        number of submodules cloned in parallel
    --template <template-directory>
                          directory from which templates will be used
    --reference <repo>    reference repository
    --reference-if-able <repo>
                          reference repository
    --dissociate          use --reference only while cloning
    -o, --origin <name>   use <name> instead of 'origin' to track upstream
    -b, --branch <branch>
                          checkout <branch> instead of the remote's HEAD
    -u, --upload-pack <path>
                          path to git-upload-pack on the remote
    --depth <depth>       create a shallow clone of that depth
    --shallow-since <time>
                          create a shallow clone since a specific time
    --shallow-exclude <revision>
                          deepen history of shallow clone, excluding rev
    --single-branch       clone only one branch, HEAD or --branch
    --shallow-submodules  any cloned submodules will be shallow
    --separate-git-dir <gitdir>
                          separate git dir from working tree
    -c, --config <key=value>
                          set config inside the new repository
    -4, --ipv4            use IPv4 addresses only
    -6, --ipv6            use IPv6 addresses only


tponnus@PC05CY9K MINGW32 ~/Desktop/LEARNING (master)
$ git clone https://github.com/tponnus/June2017
Cloning into 'June2017'...
remote: Counting objects: 3, done.
remote: Total 3 (delta 0), reused 0 (delta 0), pack-reused 0
Unpacking objects: 100% (3/3), done.

tponnus@PC05CY9K MINGW32 ~/Desktop/LEARNING (master)
$ git init
Initialized empty Git repository in C:/Users/tponnus/Desktop/LEARNING/.git/

tponnus@PC05CY9K MINGW32 ~/Desktop/LEARNING (master)
$ cd June2017

tponnus@PC05CY9K MINGW32 ~/Desktop/LEARNING/June2017 (master)
$ git init
Reinitialized existing Git repository in C:/Users/tponnus/Desktop/LEARNING/June2017/.git/

tponnus@PC05CY9K MINGW32 ~/Desktop/LEARNING/June2017 (master)
$ git add .

tponnus@PC05CY9K MINGW32 ~/Desktop/LEARNING/June2017 (master)
$ git commit -m "first commit"
[master a0a580f] first commit
 1 file changed, 35 insertions(+)
 create mode 100644 SaveAsPDF.js

tponnus@PC05CY9K MINGW32 ~/Desktop/LEARNING/June2017 (master)
$ git remote add origin https://github.com/tponnus/June2017.git
fatal: remote origin already exists.

tponnus@PC05CY9K MINGW32 ~/Desktop/LEARNING/June2017 (master)
$ gite remote -v
bash: gite: command not found

tponnus@PC05CY9K MINGW32 ~/Desktop/LEARNING/June2017 (master)
$ git remote -v
origin  https://github.com/tponnus/June2017 (fetch)
origin  https://github.com/tponnus/June2017 (push)

tponnus@PC05CY9K MINGW32 ~/Desktop/LEARNING/June2017 (master)
$ git push origin master
Counting objects: 3, done.
Delta compression using up to 4 threads.
Compressing objects: 100% (3/3), done.
Writing objects: 100% (3/3), 777 bytes | 0 bytes/s, done.
Total 3 (delta 0), reused 0 (delta 0)
To https://github.com/tponnus/June2017
   5614454..a0a580f  master -> master

tponnus@PC05CY9K MINGW32 ~/Desktop/LEARNING/June2017 (master)
$
